// Jest Snapshot v1, https://goo.gl/fbAQLP

exports[`WeeklyDisplay WeeklyDisplay Component should match the snapshot 1`] = `
<div
  className="WeeklyDisplay"
>
  <WeekDetail
    icon="partly-cloudy-day"
    key="Monday"
    tempHigh={74}
    tempLow={44}
    time="Monday"
  />
  <WeekDetail
    icon="partly-cloudy-day"
    key="Tuesday"
    tempHigh={71}
    tempLow={44}
    time="Tuesday"
  />
  <WeekDetail
    icon="partly-cloudy-day"
    key="Wednesday"
    tempHigh={58}
    tempLow={37}
    time="Wednesday"
  />
  <WeekDetail
    icon="snow"
    key="Thursday"
    tempHigh={60}
    tempLow={38}
    time="Thursday"
  />
  <WeekDetail
    icon="clear-day"
    key="Friday"
    tempHigh={73}
    tempLow={45}
    time="Friday"
  />
  <WeekDetail
    icon="partly-cloudy-night"
    key="Saturday"
    tempHigh={78}
    tempLow={48}
    time="Saturday"
  />
  <WeekDetail
    icon="rain"
    key="Sunday"
    tempHigh={61}
    tempLow={41}
    time="Sunday"
  />
</div>
`;
